
> mafia-server@1.0.0 dev
> nodemon src/index.js

[33m[nodemon] 3.1.14[39m
[33m[nodemon] to restart at any time, enter `rs`[39m
[33m[nodemon] watching path(s): *.*[39m
[33m[nodemon] watching extensions: js,mjs,cjs,json[39m
[32m[nodemon] starting `node src/index.js`[39m
Mafia server running on http://localhost:3001
Player connected: RLPSQaYtu_-b_MlzAAAB
Player connected: JlVPwDamZWdEvF6NAAAD
Player connected: 0OpKedhTugAL8SHKAAAF
[Room OBFG] Created by 3dl0t1jkq7t (rishi)
[Room OBFG] Bot Bot Alice added by host
[Room OBFG] Bot Bot Bob added by host
[Room OBFG] Bot Bot Charlie added by host
[Room OBFG] Bot Bot Dave added by host
[Room OBFG] Bot Bot Eve added by host
[Room OBFG] Game started — 6 players, night phase
[Room OBFG] Bot Bot Dave submitted night action.
[Room OBFG] Bot Bot Alice submitted night action.
[Room OBFG] Bot Bot Dave voted for rishi
[Room OBFG] Bot Bot Alice voted for rishi
[Room OBFG] Bot Bot Eve voted for Bot Dave
[Room OBFG] Bot Bot Bob voted for rishi
[Room OBFG] rishi was voted out.
[Room OBFG] Bot Bot Dave submitted night action.
[Room OBFG] Bot Bot Alice submitted night action.
[Room OBFG] Player rishi disconnected
Player connected: fLp_JnHfV9Lmt5UvAAAH
[Room WBMF] Created by 3dl0t1jkq7t (rishi)
[Room WBMF] Bot Bot Alice added by host
[Room WBMF] Bot Bot Bob added by host
[Room WBMF] Bot Bot Charlie added by host
[Room WBMF] Bot Bot Dave added by host
[Room WBMF] Bot Bot Eve added by host
[Room OBFG] Bot Bot Bob voted for Bot Dave
[Room OBFG] Bot Bot Alice voted for Bot Eve
[Room OBFG] Bot Bot Dave voted for Bot Alice
[Room WBMF] Game started — 6 players, night phase
[Room WBMF] Bot Bot Eve submitted night action.
[Room WBMF] Bot Bot Dave submitted night action.
[Room OBFG] Bot Bot Eve voted for Bot Dave
[Room WBMF] Bot Bot Alice submitted night action.
[Room OBFG] Bot Bot Alice submitted night action.
[Room OBFG] Bot Bot Dave submitted night action.
[32m[nodemon] restarting due to changes...[39m
[32m[nodemon] starting `node src/index.js`[39m
Mafia server running on http://localhost:3001
Player connected: b1uxJzZN3N4hYPJjAAAB
[32m[nodemon] restarting due to changes...[39m
[32m[nodemon] starting `node src/index.js`[39m
Mafia server running on http://localhost:3001
Player connected: U0aJjirbEmO_HjoGAAAB
Player connected: OHWZXWU6iNo-jVg1AAAD
[32m[nodemon] restarting due to changes...[39m
[32m[nodemon] starting `node src/index.js`[39m
Mafia server running on http://localhost:3001
Player connected: APSdRzUY_mbbQCHqAAAB
[32m[nodemon] restarting due to changes...[39m
[32m[nodemon] starting `node src/index.js`[39m
Mafia server running on http://localhost:3001
Player connected: wbGS-lCkBLYyzx4MAAAB
[32m[nodemon] restarting due to changes...[39m
[32m[nodemon] starting `node src/index.js`[39m
Mafia server running on http://localhost:3001
Player connected: pTR66R2iWMaXIJqVAAAB
[31m[nodemon] app crashed - waiting for file changes before starting...[39m
[32m[nodemon] restarting due to changes...[39m
[32m[nodemon] starting `node src/index.js`[39m
node:events:502
      throw er; // Unhandled 'error' event
      ^

Error: listen EADDRINUSE: address already in use :::3001
    at Server.setupListenHandle [as _listen2] (node:net:1908:16)
    at listenInCluster (node:net:1965:12)
    at Server.listen (node:net:2067:7)
    at Object.<anonymous> (/Users/rishitbanker/mafiagame/server/src/index.js:40:8)
    at Module._compile (node:internal/modules/cjs/loader:1521:14)
    at Module._extensions..js (node:internal/modules/cjs/loader:1623:10)
    at Module.load (node:internal/modules/cjs/loader:1266:32)
    at Module._load (node:internal/modules/cjs/loader:1091:12)
    at Function.executeUserEntryPoint [as runMain] (node:internal/modules/run_main:164:12)
    at node:internal/main/run_main_module:28:49
Emitted 'error' event on Server instance at:
    at emitErrorNT (node:net:1944:8)
    at process.processTicksAndRejections (node:internal/process/task_queues:82:21) {
  code: 'EADDRINUSE',
  errno: -48,
  syscall: 'listen',
  address: '::',
  port: 3001
}

Node.js v20.20.2
[31m[nodemon] app crashed - waiting for file changes before starting...[39m
